                                 Started job on |	Oct 11 00:50:55
                             Started mapping on |	Oct 11 00:51:25
                                    Finished on |	Oct 11 00:56:53
       Mapping speed, Million of reads per hour |	248.17

                          Number of input reads |	22610833
                      Average input read length |	157
                                    UNIQUE READS:
                   Uniquely mapped reads number |	20867052
                        Uniquely mapped reads % |	92.29%
                          Average mapped length |	157.06
                       Number of splices: Total |	11166030
            Number of splices: Annotated (sjdb) |	11084654
                       Number of splices: GT/AG |	11063896
                       Number of splices: GC/AG |	80014
                       Number of splices: AT/AC |	10758
               Number of splices: Non-canonical |	11362
                      Mismatch rate per base, % |	0.20%
                         Deletion rate per base |	0.01%
                        Deletion average length |	1.49
                        Insertion rate per base |	0.00%
                       Insertion average length |	1.36
                             MULTI-MAPPING READS:
        Number of reads mapped to multiple loci |	1480883
             % of reads mapped to multiple loci |	6.55%
        Number of reads mapped to too many loci |	13052
             % of reads mapped to too many loci |	0.06%
                                  UNMAPPED READS:
  Number of reads unmapped: too many mismatches |	0
       % of reads unmapped: too many mismatches |	0.00%
            Number of reads unmapped: too short |	242914
                 % of reads unmapped: too short |	1.07%
                Number of reads unmapped: other |	6932
                     % of reads unmapped: other |	0.03%
                                  CHIMERIC READS:
                       Number of chimeric reads |	0
                            % of chimeric reads |	0.00%
