           Time    Speed        Read     Read   Mapped   Mapped   Mapped   Mapped Unmapped Unmapped Unmapped Unmapped
                    M/hr      number   length   unique   length   MMrate    multi   multi+       MM    short    other
Oct 11 00:52:25    253.5     4225174      157    92.3%    157.1     0.2%     6.6%     0.1%     0.0%     1.1%     0.0%
Oct 11 00:53:26    251.1     8438965      157    92.3%    157.1     0.2%     6.5%     0.1%     0.0%     1.1%     0.0%
Oct 11 00:54:26    251.1    12624648      157    92.3%    157.1     0.2%     6.6%     0.1%     0.0%     1.1%     0.0%
Oct 11 00:55:30    249.0    16947226      157    92.3%    157.1     0.2%     6.5%     0.1%     0.0%     1.1%     0.0%
Oct 11 00:56:32    248.5    21193965      157    92.3%    157.1     0.2%     6.6%     0.1%     0.0%     1.1%     0.0%
ALL DONE!
