                                 Started job on |	Oct 18 10:51:48
                             Started mapping on |	Oct 18 10:52:02
                                    Finished on |	Oct 18 11:10:45
       Mapping speed, Million of reads per hour |	72.53

                          Number of input reads |	22624074
                      Average input read length |	299
                                    UNIQUE READS:
                   Uniquely mapped reads number |	13149592
                        Uniquely mapped reads % |	58.12%
                          Average mapped length |	296.12
                       Number of splices: Total |	14383621
            Number of splices: Annotated (sjdb) |	14262329
                       Number of splices: GT/AG |	14253157
                       Number of splices: GC/AG |	97193
                       Number of splices: AT/AC |	13512
               Number of splices: Non-canonical |	19759
                      Mismatch rate per base, % |	0.36%
                         Deletion rate per base |	0.01%
                        Deletion average length |	1.88
                        Insertion rate per base |	0.01%
                       Insertion average length |	1.77
                             MULTI-MAPPING READS:
        Number of reads mapped to multiple loci |	331636
             % of reads mapped to multiple loci |	1.47%
        Number of reads mapped to too many loci |	2266
             % of reads mapped to too many loci |	0.01%
                                  UNMAPPED READS:
  Number of reads unmapped: too many mismatches |	0
       % of reads unmapped: too many mismatches |	0.00%
            Number of reads unmapped: too short |	9135324
                 % of reads unmapped: too short |	40.38%
                Number of reads unmapped: other |	5256
                     % of reads unmapped: other |	0.02%
                                  CHIMERIC READS:
                       Number of chimeric reads |	0
                            % of chimeric reads |	0.00%
