           Time    Speed        Read     Read   Mapped   Mapped   Mapped   Mapped Unmapped Unmapped Unmapped Unmapped
                    M/hr      number   length   unique   length   MMrate    multi   multi+       MM    short    other
Oct 18 10:53:07     61.7     1113523      299    58.2%    296.1     0.3%     1.4%     0.0%     0.0%    40.3%     0.0%
Oct 18 10:54:07     71.6     2485947      299    58.2%    296.2     0.3%     1.5%     0.0%     0.0%    40.3%     0.0%
Oct 18 10:55:11     69.3     3637085      299    58.2%    296.2     0.3%     1.5%     0.0%     0.0%    40.3%     0.0%
Oct 18 10:56:15     71.3     5009537      299    58.2%    296.2     0.3%     1.5%     0.0%     0.0%    40.3%     0.0%
Oct 18 10:57:15     71.4     6204877      299    58.2%    296.2     0.3%     1.5%     0.0%     0.0%    40.3%     0.0%
Oct 18 10:58:15     72.3     7488847      299    58.2%    296.2     0.3%     1.5%     0.0%     0.0%    40.3%     0.0%
Oct 18 10:59:15     71.8     8639881      299    58.2%    296.2     0.3%     1.5%     0.0%     0.0%    40.3%     0.0%
Oct 18 11:00:15     72.5     9923840      299    58.2%    296.2     0.3%     1.5%     0.0%     0.0%    40.3%     0.0%
Oct 18 11:01:16     72.2    11112554      299    58.2%    296.2     0.3%     1.5%     0.0%     0.0%    40.3%     0.0%
Oct 18 11:02:16     72.1    12301160      299    58.2%    296.2     0.3%     1.5%     0.0%     0.0%    40.3%     0.0%
Oct 18 11:03:18     72.3    13577489      299    58.2%    296.2     0.3%     1.5%     0.0%     0.0%    40.3%     0.0%
Oct 18 11:04:20     72.2    14809988      299    58.2%    296.1     0.3%     1.5%     0.0%     0.0%    40.3%     0.0%
Oct 18 11:05:22     72.2    16042276      299    58.2%    296.1     0.4%     1.5%     0.0%     0.0%    40.4%     0.0%
Oct 18 11:06:22     72.3    17274596      299    58.1%    296.1     0.4%     1.5%     0.0%     0.0%    40.4%     0.0%
Oct 18 11:07:23     72.3    18506942      299    58.1%    296.1     0.4%     1.5%     0.0%     0.0%    40.4%     0.0%
Oct 18 11:08:23     72.3    19695236      299    58.1%    296.1     0.4%     1.5%     0.0%     0.0%    40.4%     0.0%
Oct 18 11:09:23     72.4    20927570      299    58.1%    296.1     0.4%     1.5%     0.0%     0.0%    40.4%     0.0%
Oct 18 11:10:24     72.4    22159806      299    58.1%    296.1     0.4%     1.5%     0.0%     0.0%    40.4%     0.0%
ALL DONE!
