                                 Started job on |	Oct 18 11:31:05
                             Started mapping on |	Oct 18 11:31:31
                                    Finished on |	Oct 18 11:51:44
       Mapping speed, Million of reads per hour |	73.59

                          Number of input reads |	24796273
                      Average input read length |	293
                                    UNIQUE READS:
                   Uniquely mapped reads number |	14411783
                        Uniquely mapped reads % |	58.12%
                          Average mapped length |	289.80
                       Number of splices: Total |	15443199
            Number of splices: Annotated (sjdb) |	15312504
                       Number of splices: GT/AG |	15300480
                       Number of splices: GC/AG |	106892
                       Number of splices: AT/AC |	14255
               Number of splices: Non-canonical |	21572
                      Mismatch rate per base, % |	0.39%
                         Deletion rate per base |	0.01%
                        Deletion average length |	1.89
                        Insertion rate per base |	0.01%
                       Insertion average length |	1.74
                             MULTI-MAPPING READS:
        Number of reads mapped to multiple loci |	378606
             % of reads mapped to multiple loci |	1.53%
        Number of reads mapped to too many loci |	3369
             % of reads mapped to too many loci |	0.01%
                                  UNMAPPED READS:
  Number of reads unmapped: too many mismatches |	0
       % of reads unmapped: too many mismatches |	0.00%
            Number of reads unmapped: too short |	9996256
                 % of reads unmapped: too short |	40.31%
                Number of reads unmapped: other |	6259
                     % of reads unmapped: other |	0.03%
                                  CHIMERIC READS:
                       Number of chimeric reads |	0
                            % of chimeric reads |	0.00%
