           Time    Speed        Read     Read   Mapped   Mapped   Mapped   Mapped Unmapped Unmapped Unmapped Unmapped
                    M/hr      number   length   unique   length   MMrate    multi   multi+       MM    short    other
Oct 18 11:32:38     61.0     1134811      293    58.2%    289.6     0.4%     1.5%     0.0%     0.0%    40.2%     0.0%
Oct 18 11:33:45     69.3     2577998      293    58.2%    289.7     0.3%     1.5%     0.0%     0.0%    40.2%     0.0%
Oct 18 11:34:45     72.9     3930464      293    58.2%    289.7     0.3%     1.5%     0.0%     0.0%    40.2%     0.0%
Oct 18 11:35:47     71.8     5102813      293    58.2%    289.7     0.3%     1.5%     0.0%     0.0%    40.2%     0.0%
Oct 18 11:36:47     73.0     6410419      293    58.3%    289.8     0.3%     1.5%     0.0%     0.0%    40.2%     0.0%
Oct 18 11:37:48     72.8     7628041      293    58.3%    289.8     0.3%     1.5%     0.0%     0.0%    40.2%     0.0%
Oct 18 11:38:49     73.1     8890560      293    58.3%    289.8     0.3%     1.5%     0.0%     0.0%    40.2%     0.0%
Oct 18 11:39:51     73.1    10152038      293    58.3%    289.8     0.3%     1.5%     0.0%     0.0%    40.2%     0.0%
Oct 18 11:40:51     73.3    11407094      293    58.3%    289.8     0.4%     1.5%     0.0%     0.0%    40.2%     0.0%
Oct 18 11:41:52     73.4    12662495      293    58.3%    289.7     0.4%     1.5%     0.0%     0.0%    40.2%     0.0%
Oct 18 11:42:52     73.3    13872411      293    58.2%    289.7     0.4%     1.5%     0.0%     0.0%    40.2%     0.0%
Oct 18 11:43:53     73.4    15126019      293    58.2%    289.7     0.4%     1.5%     0.0%     0.0%    40.2%     0.0%
Oct 18 11:44:56     73.3    16379611      293    58.2%    289.7     0.4%     1.5%     0.0%     0.0%    40.2%     0.0%
Oct 18 11:46:00     73.2    17678233      293    58.2%    289.8     0.4%     1.5%     0.0%     0.0%    40.3%     0.0%
Oct 18 11:47:00     73.4    18931777      293    58.2%    289.8     0.4%     1.5%     0.0%     0.0%    40.3%     0.0%
Oct 18 11:48:02     73.3    20185673      293    58.2%    289.8     0.4%     1.5%     0.0%     0.0%    40.3%     0.0%
Oct 18 11:49:02     73.6    21484022      293    58.2%    289.8     0.4%     1.5%     0.0%     0.0%    40.3%     0.0%
Oct 18 11:50:02     73.4    22648184      293    58.2%    289.8     0.4%     1.5%     0.0%     0.0%    40.3%     0.0%
Oct 18 11:51:03     73.4    23902041      293    58.2%    289.8     0.4%     1.5%     0.0%     0.0%    40.3%     0.0%
ALL DONE!
