                                 Started job on |	Oct 18 12:12:18
                             Started mapping on |	Oct 18 12:12:42
                                    Finished on |	Oct 18 12:30:58
       Mapping speed, Million of reads per hour |	75.08

                          Number of input reads |	22856955
                      Average input read length |	294
                                    UNIQUE READS:
                   Uniquely mapped reads number |	13479289
                        Uniquely mapped reads % |	58.97%
                          Average mapped length |	291.41
                       Number of splices: Total |	14509651
            Number of splices: Annotated (sjdb) |	14385196
                       Number of splices: GT/AG |	14375823
                       Number of splices: GC/AG |	100405
                       Number of splices: AT/AC |	13332
               Number of splices: Non-canonical |	20091
                      Mismatch rate per base, % |	0.33%
                         Deletion rate per base |	0.01%
                        Deletion average length |	1.91
                        Insertion rate per base |	0.01%
                       Insertion average length |	1.76
                             MULTI-MAPPING READS:
        Number of reads mapped to multiple loci |	378202
             % of reads mapped to multiple loci |	1.65%
        Number of reads mapped to too many loci |	3241
             % of reads mapped to too many loci |	0.01%
                                  UNMAPPED READS:
  Number of reads unmapped: too many mismatches |	0
       % of reads unmapped: too many mismatches |	0.00%
            Number of reads unmapped: too short |	8990481
                 % of reads unmapped: too short |	39.33%
                Number of reads unmapped: other |	5742
                     % of reads unmapped: other |	0.03%
                                  CHIMERIC READS:
                       Number of chimeric reads |	0
                            % of chimeric reads |	0.00%
