           Time    Speed        Read     Read   Mapped   Mapped   Mapped   Mapped Unmapped Unmapped Unmapped Unmapped
                    M/hr      number   length   unique   length   MMrate    multi   multi+       MM    short    other
Oct 18 12:13:48     61.6     1128956      294    59.0%    291.4     0.3%     1.7%     0.0%     0.0%    39.3%     0.0%
Oct 18 12:14:55     69.4     2565690      294    59.0%    291.4     0.3%     1.7%     0.0%     0.0%    39.3%     0.0%
Oct 18 12:16:03     71.7     4002158      294    59.0%    291.4     0.3%     1.7%     0.0%     0.0%    39.3%     0.0%
Oct 18 12:17:09     73.3     5438429      294    59.0%    291.5     0.3%     1.7%     0.0%     0.0%    39.3%     0.0%
Oct 18 12:18:10     74.0     6740229      294    59.0%    291.5     0.3%     1.7%     0.0%     0.0%    39.3%     0.0%
Oct 18 12:19:10     74.2     7997153      294    59.0%    291.5     0.3%     1.7%     0.0%     0.0%    39.3%     0.0%
Oct 18 12:20:10     74.4     9253737      294    59.0%    291.5     0.3%     1.7%     0.0%     0.0%    39.3%     0.0%
Oct 18 12:21:11     74.6    10552309      294    59.0%    291.5     0.3%     1.7%     0.0%     0.0%    39.3%     0.0%
Oct 18 12:22:12     74.8    11846808      294    59.0%    291.5     0.3%     1.7%     0.0%     0.0%    39.3%     0.0%
Oct 18 12:23:12     74.6    13051886      294    59.0%    291.4     0.3%     1.7%     0.0%     0.0%    39.3%     0.0%
Oct 18 12:24:12     74.6    14301078      294    59.0%    291.4     0.3%     1.7%     0.0%     0.0%    39.3%     0.0%
Oct 18 12:25:12     74.9    15595050      294    59.0%    291.4     0.3%     1.7%     0.0%     0.0%    39.3%     0.0%
Oct 18 12:26:12     74.7    16799825      294    59.0%    291.4     0.3%     1.7%     0.0%     0.0%    39.3%     0.0%
Oct 18 12:27:14     74.9    18138442      294    59.0%    291.4     0.3%     1.7%     0.0%     0.0%    39.3%     0.0%
Oct 18 12:28:15     74.8    19387565      294    59.0%    291.4     0.3%     1.7%     0.0%     0.0%    39.3%     0.0%
Oct 18 12:29:16     74.9    20681433      294    59.0%    291.4     0.3%     1.7%     0.0%     0.0%    39.3%     0.0%
Oct 18 12:30:16     74.9    21930661      294    59.0%    291.4     0.3%     1.7%     0.0%     0.0%    39.3%     0.0%
ALL DONE!
