                                 Started job on |	Oct 11 01:50:34
                             Started mapping on |	Oct 11 01:50:45
                                    Finished on |	Oct 11 01:57:32
       Mapping speed, Million of reads per hour |	248.86

                          Number of input reads |	28134545
                      Average input read length |	157
                                    UNIQUE READS:
                   Uniquely mapped reads number |	25801864
                        Uniquely mapped reads % |	91.71%
                          Average mapped length |	157.09
                       Number of splices: Total |	13695879
            Number of splices: Annotated (sjdb) |	13596932
                       Number of splices: GT/AG |	13569137
                       Number of splices: GC/AG |	99384
                       Number of splices: AT/AC |	13273
               Number of splices: Non-canonical |	14085
                      Mismatch rate per base, % |	0.20%
                         Deletion rate per base |	0.01%
                        Deletion average length |	1.49
                        Insertion rate per base |	0.00%
                       Insertion average length |	1.37
                             MULTI-MAPPING READS:
        Number of reads mapped to multiple loci |	2027629
             % of reads mapped to multiple loci |	7.21%
        Number of reads mapped to too many loci |	16237
             % of reads mapped to too many loci |	0.06%
                                  UNMAPPED READS:
  Number of reads unmapped: too many mismatches |	0
       % of reads unmapped: too many mismatches |	0.00%
            Number of reads unmapped: too short |	279763
                 % of reads unmapped: too short |	0.99%
                Number of reads unmapped: other |	9052
                     % of reads unmapped: other |	0.03%
                                  CHIMERIC READS:
                       Number of chimeric reads |	0
                            % of chimeric reads |	0.00%
