           Time    Speed        Read     Read   Mapped   Mapped   Mapped   Mapped Unmapped Unmapped Unmapped Unmapped
                    M/hr      number   length   unique   length   MMrate    multi   multi+       MM    short    other
Oct 11 01:51:45    239.7     3994628      157    91.7%    157.1     0.2%     7.2%     0.1%     0.0%     1.0%     0.0%
Oct 11 01:52:45    246.2     8207948      157    91.7%    157.1     0.2%     7.2%     0.1%     0.0%     1.0%     0.0%
Oct 11 01:53:45    247.9    12395165      157    91.7%    157.1     0.2%     7.2%     0.1%     0.0%     1.0%     0.0%
Oct 11 01:54:45    247.3    16489556      157    91.7%    157.1     0.2%     7.2%     0.1%     0.0%     1.0%     0.0%
Oct 11 01:55:45    247.9    20659751      157    91.7%    157.1     0.2%     7.2%     0.1%     0.0%     1.0%     0.0%
Oct 11 01:56:46    248.4    24905789      157    91.7%    157.1     0.2%     7.2%     0.1%     0.0%     1.0%     0.0%
ALL DONE!
