           Time    Speed        Read     Read   Mapped   Mapped   Mapped   Mapped Unmapped Unmapped Unmapped Unmapped
                    M/hr      number   length   unique   length   MMrate    multi   multi+       MM    short    other
Oct 18 10:15:30     64.9     1136409      292    59.2%    289.1     0.4%     1.5%     0.0%     0.0%    39.2%     0.0%
Oct 18 10:16:35     72.6     2581521      292    59.2%    289.3     0.4%     1.5%     0.0%     0.0%    39.2%     0.0%
Oct 18 10:17:35     72.8     3800385      292    59.2%    289.4     0.4%     1.5%     0.0%     0.0%    39.3%     0.0%
Oct 18 10:18:35     74.2     5109782      292    59.2%    289.4     0.4%     1.5%     0.0%     0.0%    39.2%     0.0%
Oct 18 10:19:36     74.3     6373658      292    59.2%    289.4     0.3%     1.5%     0.0%     0.0%    39.2%     0.0%
Oct 18 10:20:39     74.4     7683169      292    59.2%    289.4     0.4%     1.5%     0.0%     0.0%    39.3%     0.0%
Oct 18 10:21:39     75.3     9037675      292    59.2%    289.4     0.4%     1.5%     0.0%     0.0%    39.3%     0.0%
Oct 18 10:22:41     74.7    10254992      292    59.2%    289.5     0.4%     1.5%     0.0%     0.0%    39.3%     0.0%
Oct 18 10:23:42     75.0    11557209      292    59.2%    289.4     0.4%     1.5%     0.0%     0.0%    39.3%     0.0%
Oct 18 10:24:43     74.6    12769507      292    59.2%    289.4     0.4%     1.5%     0.0%     0.0%    39.3%     0.0%
Oct 18 10:25:43     75.2    14114453      292    59.1%    289.4     0.4%     1.5%     0.0%     0.0%    39.3%     0.0%
Oct 18 10:26:46     74.7    15324994      292    59.1%    289.4     0.4%     1.5%     0.0%     0.0%    39.3%     0.0%
Oct 18 10:27:47     74.8    16624639      293    59.1%    289.4     0.4%     1.5%     0.0%     0.0%    39.3%     0.0%
Oct 18 10:28:49     74.7    17879916      293    59.1%    289.5     0.4%     1.5%     0.0%     0.0%    39.4%     0.0%
Oct 18 10:29:53     74.7    19224895      293    59.1%    289.5     0.4%     1.5%     0.0%     0.0%    39.4%     0.0%
Oct 18 10:30:53     74.8    20480004      293    59.1%    289.5     0.4%     1.5%     0.0%     0.0%    39.4%     0.0%
Oct 18 10:31:54     74.7    21735333      293    59.1%    289.5     0.4%     1.5%     0.0%     0.0%    39.4%     0.0%
ALL DONE!
