                                 Started job on |	Oct 18 10:13:59
                             Started mapping on |	Oct 18 10:14:27
                                    Finished on |	Oct 18 10:32:45
       Mapping speed, Million of reads per hour |	75.05

                          Number of input reads |	22890121
                      Average input read length |	293
                                    UNIQUE READS:
                   Uniquely mapped reads number |	13524759
                        Uniquely mapped reads % |	59.09%
                          Average mapped length |	289.52
                       Number of splices: Total |	14528952
            Number of splices: Annotated (sjdb) |	14406532
                       Number of splices: GT/AG |	14393166
                       Number of splices: GC/AG |	102353
                       Number of splices: AT/AC |	13293
               Number of splices: Non-canonical |	20140
                      Mismatch rate per base, % |	0.38%
                         Deletion rate per base |	0.01%
                        Deletion average length |	1.89
                        Insertion rate per base |	0.01%
                       Insertion average length |	1.74
                             MULTI-MAPPING READS:
        Number of reads mapped to multiple loci |	345487
             % of reads mapped to multiple loci |	1.51%
        Number of reads mapped to too many loci |	3204
             % of reads mapped to too many loci |	0.01%
                                  UNMAPPED READS:
  Number of reads unmapped: too many mismatches |	0
       % of reads unmapped: too many mismatches |	0.00%
            Number of reads unmapped: too short |	9010896
                 % of reads unmapped: too short |	39.37%
                Number of reads unmapped: other |	5775
                     % of reads unmapped: other |	0.03%
                                  CHIMERIC READS:
                       Number of chimeric reads |	0
                            % of chimeric reads |	0.00%
